<html>
<body>
<pre>
<h1>µVision Build Log</h1>
<h2>Tool Versions:</h2>
IDE-Version: ¦ÌVision V5.41.0.0
Copyright (C) 2024 ARM Ltd and ARM Germany GmbH. All rights reserved.
License Information: vincent chen, cxz, LIC=8VRJ7-E1G66-NNTAF-6T33Q-HYESI-1ZV53
 
Tool Versions:
Toolchain:       MDK-ARM Plus  Version: 5.41.0.0
Toolchain Path:  C:\Keil\keil5_mdk\ARM\ARMCC5\Bin
C Compiler:      Armcc.exe V5.06 update 7 (build 960)
Assembler:       Armasm.exe V5.06 update 7 (build 960)
Linker/Locator:  ArmLink.exe V5.06 update 7 (build 960)
Library Manager: ArmAr.exe V5.06 update 7 (build 960)
Hex Converter:   FromElf.exe V5.06 update 7 (build 960)
CPU DLL:         SARMCM3.DLL V5.41.0.0
Dialog DLL:      DCM.DLL V1.17.5.0
Target DLL:      STLink\ST-LINKIII-KEIL_SWO.dll V3.3.0.0
Dialog DLL:      TCM.DLL V1.56.4.0
 
<h2>Project:</h2>
C:\Users\cxzxz\Desktop\HAL_MX_STM32\my_study\MDK-ARM\my_study.uvprojx
Project File Date:  05/30/2025

<h2>Output:</h2>
*** Using Compiler 'V5.06 update 7 (build 960)', folder: 'C:\Keil\keil5_mdk\ARM\ARMCC5\Bin'
Rebuild target 'my_study'
assembling startup_stm32f103xb.s...
compiling stm32f1xx_ll_gpio.c...
compiling gpio.c...
compiling dma.c...
compiling usart.c...
compiling stm32f1xx_it.c...
compiling main.c...
compiling i2c.c...
compiling spi.c...
compiling stm32f1xx_ll_dma.c...
compiling stm32f1xx_ll_exti.c...
compiling stm32f1xx_ll_pwr.c...
compiling stm32f1xx_ll_i2c.c...
compiling stm32f1xx_ll_rcc.c...
compiling stm32f1xx_ll_spi.c...
compiling stm32f1xx_ll_usart.c...
compiling stm32f1xx_ll_utils.c...
compiling system_stm32f1xx.c...
linking...
Program Size: Code=3816 RO-data=316 RW-data=4 ZI-data=2660  
FromELF: creating hex file...
"my_study\my_study.axf" - 0 Error(s), 0 Warning(s).

<h2>Software Packages used:</h2>

Package Vendor: ARM
                https://www.keil.com/pack/ARM.CMSIS.6.1.0.pack
                ARM::CMSIS@6.1.0
                CMSIS (Common Microcontroller Software Interface Standard)
   * Component: CORE Version: 6.1.0

Package Vendor: Keil
                https://www.keil.com/pack/Keil.STM32F1xx_DFP.2.4.1.pack
                Keil::STM32F1xx_DFP@2.4.1
                STMicroelectronics STM32F1 Series Device Support, Drivers and Examples

<h2>Collection of Component include folders:</h2>
  ./RTE/_my_study
  C:/Keil/keil5_mdk/ARM/PACK/ARM/CMSIS/6.1.0/CMSIS/Core/Include
  C:/Keil/keil5_mdk/ARM/PACK/Keil/STM32F1xx_DFP/2.4.1/Device/Include

<h2>Collection of Component Files used:</h2>

   * Component: ARM::CMSIS:CORE@6.1.0
      Include file:  CMSIS/Core/Include/tz_context.h
Build Time Elapsed:  00:00:14
</pre>
</body>
</html>
